[swagloons.wixsite.com/boob.html]
[static.parastorage.com/unpkg/core-js-bundle@3.2.1/minified.js]
[static.parastorage.com/unpkg/focus-within-polyfill@5.0.9/dist/focus-within-polyfill.js]
[polyfill-fastly.io/v3/polyfill.mind82c.js]
[swagloons.wixsite.com/location.4.delayed]
[backblue.gif]
[fade.gif]
[index.html]
[swagloons.wixsite.com/index.html]
[static.wixstatic.com/media/077596_de37504123a74534b25dcfbbad9270ff_mv2.png/v1/fill/w_45,h_45,al_c,q_85,usm_0.66_1.00_0.01,enc_auto/download (1).png]
[static.wixstatic.com/media/077596_7af80a8eaba2446d81d0fb9867a30e78_mv2.png/v1/fill/w_449,h_449,al_c,q_85,usm_0.66_1.00_0.01,enc_auto/download.png]
[static.wixstatic.com/media/077596_d48b869bbf0446aebe15cf454255b83b_mv2.png/v1/fill/w_326,h_371,al_c,q_85,usm_0.66_1.00_0.01,enc_auto/pngwing_com.png]
[static.wixstatic.com/media/077596_87bbcb561f8c4ece927196ca32308d85_mv2.jpg/v1/fill/w_41,h_75,al_c,q_80,usm_0.66_1.00_0.01,blur_2,enc_auto/download (5)_jfif.jpg]
[static.wixstatic.com/media/077596_a6c4aece7af8482cbc8914d1d5897341_mv2.jpg/v1/fill/w_41,h_75,al_c,q_80,usm_0.66_1.00_0.01,blur_2,enc_auto/download (2)_jfif.jpg]
[static.wixstatic.com/media/077596_2bab62cdb8284880b02d0d9b8dd6e557_mv2.jpg/v1/fill/w_39,h_75,al_c,q_80,usm_0.66_1.00_0.01,blur_2,enc_auto/download (1)_jfif.jpg]
[static.wixstatic.com/media/077596_24b63632cf0a4aadaddf04278982af89_mv2.jpg/v1/fill/w_40,h_75,al_c,q_80,usm_0.66_1.00_0.01,blur_2,enc_auto/download_jfif.jpg]
[static.wixstatic.com/media/077596_ef7574fc6baf49608acb914eb6b8b55d_mv2.png/v1/fill/w_58,h_58,al_c,q_85,usm_0.66_1.00_0.01,blur_2,enc_auto/fotor_2023-5-7_20_4_29.png]
[static.wixstatic.com/media/077596_c873a03978d34e639749ed6f5936cbf5_mv2.jpeg/v1/fill/w_62,h_64,al_c,q_80,usm_0.66_1.00_0.01,blur_2,enc_auto/acce5cf6-176a-4935-9d55-2f02b666db84_61b22c7547cc1de9b6546b4ec940dbbb.jpg]
[static.wixstatic.com/media/077596_ef7574fc6baf49608acb914eb6b8b55d_mv2.png/v1/fill/w_50,h_50,al_c,q_85,usm_0.66_1.00_0.01,blur_3,enc_auto/fotor_2023-5-7_20_4_29.png]
[browser.sentry-cdn.com/6.18.2/bundle.min.js]
[swagloons.wixsite.com/sitemap.10.delayed]
[swagloons.wixsite.com/feed.11.delayed]
[swagloons.wixsite.com/${n.12.delayed]
[static.parastorage.com/services/wix-thunderbolt/dist/thunderbolt-commons.f5f1fc96.bundle.min.js]
[static.parastorage.com/services/wix-thunderbolt/dist/main.90b29617.bundle.min.js]
[static.parastorage.com/services/wix-thunderbolt/dist/main.renderer.1d21f023.bundle.min.js]
[static.parastorage.com/unpkg/lodash@4.17.21/lodash.min.js]
[static.parastorage.com/unpkg/react@18.3.1/umd/react.production.min.js]
[static.parastorage.com/unpkg/react-dom@18.3.1/umd/react-dom.production.min.js]
[static.parastorage.com/services/profile-card-tpa-ooi/1.2451.0/ProfileCardViewerWidgetNoCss.bundle.min.js]
[swagloons.wixsite.com/decodeURIComponent(e.1a.delayed]
[static.parastorage.com/services/tag-manager-client/1.859.0/siteTags.bundle.min.js]
[swagloons.wixsite.com/boob.html]
[swagloons.wixsite.com/location.html]
[swagloons.wixsite.com/index.html]
[swagloons.wixsite.com/sitemap.html]
[swagloons.wixsite.com/feed.html]
[swagloons.wixsite.com/${n.html]
[swagloons.wixsite.com/decodeURIComponent(e.html]
[static.parastorage.com/services/wix-perf-measure/1.1095.0/wix-perf-measure.umd.min.js]
